<?xml version="1.0" encoding="utf-8"?>
<TestRun id="a31ed668-52a4-412e-adbb-57b8668bf9e1" name="wendy@TUTU 2026-02-05 10:43:11" runUser="TUTU\wendy" xmlns="http://microsoft.com/schemas/VisualStudio/TeamTest/2010">
  <Times creation="2026-02-05T10:43:11.2684707-03:00" queuing="2026-02-05T10:43:11.2684712-03:00" start="2026-02-05T10:43:08.6832516-03:00" finish="2026-02-05T10:43:11.2752066-03:00" />
  <TestSettings name="default" id="c3057c76-258c-4c15-a970-bf3696b04b31">
    <Deployment runDeploymentRoot="wendy_TUTU_2026-02-05_10_43_11" />
  </TestSettings>
  <Results>
    <UnitTestResult executionId="10dabb61-92c5-4ee9-a12c-183da06eb553" testId="d06e04af-945b-d916-0001-d18738111de5" testName="EmployeeService.Tests.ApiTests.CreateEmployee_ManagerHasLowerRole_Returns400" computerName="TUTU" duration="00:00:00.0458383" startTime="2026-02-05T10:43:11.0554874-03:00" endTime="2026-02-05T10:43:11.0554877-03:00" testType="13cdc9d9-ddb5-4fa4-a97d-d965ccfc6d4b" outcome="Passed" testListId="8c84fa94-04c1-424b-9868-57a2d4851a1d" relativeResultsDirectory="10dabb61-92c5-4ee9-a12c-183da06eb553">
      <Output>
        <StdOut>TEST: CreateEmployee_ManagerHasLowerRole_Returns400&#xD;
EXPECTS: Returns 400 when manager role is lower than the new employee role&#xD;
SETUP: Create a low-role manager first, then create a higher-role employee using that manager&#xD;
Helper: LoginAndGetToken → login válido y extracción del JWT</StdOut>
      </Output>
    </UnitTestResult>
    <UnitTestResult executionId="6e5d7b3c-b631-4a6c-8f8f-ba8f7c20dcec" testId="9bb9451a-c07e-3946-8057-9c42bd8c9126" testName="EmployeeService.Tests.ApiTests.Login_WithInvalidCredentials_Returns401" computerName="TUTU" duration="00:00:00.0276449" startTime="2026-02-05T10:43:11.0882356-03:00" endTime="2026-02-05T10:43:11.0882358-03:00" testType="13cdc9d9-ddb5-4fa4-a97d-d965ccfc6d4b" outcome="Passed" testListId="8c84fa94-04c1-424b-9868-57a2d4851a1d" relativeResultsDirectory="6e5d7b3c-b631-4a6c-8f8f-ba8f7c20dcec">
      <Output>
        <StdOut>TEST: Login_WithInvalidCredentials_Returns401&#xD;
EXPECTS: Return 401 if wrong password</StdOut>
      </Output>
    </UnitTestResult>
    <UnitTestResult executionId="2469404d-75c3-4dcd-b543-9ca9d4055970" testId="34c9e93a-7ace-85f5-d614-533ae235ec44" testName="EmployeeService.Tests.ApiTests.GetEmployees_WithoutToken_Returns401" computerName="TUTU" duration="00:00:00.0047939" startTime="2026-02-05T10:43:11.0604270-03:00" endTime="2026-02-05T10:43:11.0604273-03:00" testType="13cdc9d9-ddb5-4fa4-a97d-d965ccfc6d4b" outcome="Passed" testListId="8c84fa94-04c1-424b-9868-57a2d4851a1d" relativeResultsDirectory="2469404d-75c3-4dcd-b543-9ca9d4055970">
      <Output>
        <StdOut>TEST: GetEmployees_WithoutToken_Returns401&#xD;
EXPECTS: Return 401 when no JWT is provided</StdOut>
      </Output>
    </UnitTestResult>
    <UnitTestResult executionId="34149f14-a18b-4654-aae3-810915b92354" testId="16cfd299-d47f-ee63-f52d-7a0a739b9ec9" testName="EmployeeService.Tests.ApiTests.CreateEmployee_WithLessThanTwoPhones_Returns400" computerName="TUTU" duration="00:00:00.0487371" startTime="2026-02-05T10:43:11.1372255-03:00" endTime="2026-02-05T10:43:11.1372258-03:00" testType="13cdc9d9-ddb5-4fa4-a97d-d965ccfc6d4b" outcome="Passed" testListId="8c84fa94-04c1-424b-9868-57a2d4851a1d" relativeResultsDirectory="34149f14-a18b-4654-aae3-810915b92354">
      <Output>
        <StdOut>TEST: CreateEmployee_WithLessThanTwoPhones_Returns400&#xD;
EXPECTS: Return 400 BadRequest when employee has less than two phones&#xD;
Helper: LoginAndGetToken → login válido y extracción del JWT</StdOut>
      </Output>
    </UnitTestResult>
    <UnitTestResult executionId="ecc28bc5-f16d-48ac-9b04-dc264c2559a4" testId="1181108a-9116-a0c3-85c8-5e1cc3b79e59" testName="EmployeeService.Tests.ApiTests.Login_WithValidCredentials_ReturnsToken" computerName="TUTU" duration="00:00:00.0429264" startTime="2026-02-05T10:43:10.8922203-03:00" endTime="2026-02-05T10:43:10.8922206-03:00" testType="13cdc9d9-ddb5-4fa4-a97d-d965ccfc6d4b" outcome="Passed" testListId="8c84fa94-04c1-424b-9868-57a2d4851a1d" relativeResultsDirectory="ecc28bc5-f16d-48ac-9b04-dc264c2559a4">
      <Output>
        <StdOut>TEST: Login_WithValidCredentials_ReturnsToken&#xD;
EXPECTS: Return 200 OK and valid JWT</StdOut>
      </Output>
    </UnitTestResult>
    <UnitTestResult executionId="2e20087c-23b5-40b5-aa41-be889c20829a" testId="047b2988-374d-6ff3-3c85-556330044d3d" testName="EmployeeService.Tests.ApiTests.CreateEmployee_DuplicateEmail_Returns409" computerName="TUTU" duration="00:00:00.0433288" startTime="2026-02-05T10:43:11.0094754-03:00" endTime="2026-02-05T10:43:11.0094756-03:00" testType="13cdc9d9-ddb5-4fa4-a97d-d965ccfc6d4b" outcome="Passed" testListId="8c84fa94-04c1-424b-9868-57a2d4851a1d" relativeResultsDirectory="2e20087c-23b5-40b5-aa41-be889c20829a">
      <Output>
        <StdOut>TEST: CreateEmployee_DuplicateEmail_Returns409&#xD;
EXPECTS: Return 409 Conflict when email already exists&#xD;
Helper: LoginAndGetToken → login válido y extracción del JWT</StdOut>
      </Output>
    </UnitTestResult>
    <UnitTestResult executionId="25423da1-fe98-4eef-ac26-9be58a82e222" testId="3b0cbbf9-e50e-f93d-9d6f-c1ba1677e3c3" testName="EmployeeService.Tests.ApiTests.CreateEmployee_WithInvalidPhoneNumbers_Returns400" computerName="TUTU" duration="00:00:00.0323240" startTime="2026-02-05T10:43:10.9659673-03:00" endTime="2026-02-05T10:43:10.9659675-03:00" testType="13cdc9d9-ddb5-4fa4-a97d-d965ccfc6d4b" outcome="Passed" testListId="8c84fa94-04c1-424b-9868-57a2d4851a1d" relativeResultsDirectory="25423da1-fe98-4eef-ac26-9be58a82e222">
      <Output>
        <StdOut>TEST: CreateEmployee_WithInvalidPhoneNumbers_Returns400&#xD;
EXPECTS: Return 400 BadRequest when phones contain zero or negative values&#xD;
Helper: LoginAndGetToken → login válido y extracción del JWT</StdOut>
      </Output>
    </UnitTestResult>
    <UnitTestResult executionId="fbe09c82-8ccf-402d-994d-13f1b4674333" testId="44b13f1c-fcb0-16ed-2e2c-b7896352cecb" testName="EmployeeService.Tests.ApiTests.CreateEmployee_Minor_Returns400" computerName="TUTU" duration="00:00:00.0411351" startTime="2026-02-05T10:43:10.9334038-03:00" endTime="2026-02-05T10:43:10.9334043-03:00" testType="13cdc9d9-ddb5-4fa4-a97d-d965ccfc6d4b" outcome="Passed" testListId="8c84fa94-04c1-424b-9868-57a2d4851a1d" relativeResultsDirectory="fbe09c82-8ccf-402d-994d-13f1b4674333">
      <Output>
        <StdOut>TEST: CreateEmployee_Minor_Returns400&#xD;
EXPECTS: Reject employees under 18 (minor)&#xD;
Helper: LoginAndGetToken → login válido y extracción del JWT</StdOut>
      </Output>
    </UnitTestResult>
    <UnitTestResult executionId="76153058-91a9-4005-a1df-56d7f2f12f0a" testId="c09802f0-1d15-3991-8775-c97e0c137e89" testName="EmployeeService.Tests.ApiTests.CreateEmployee_ManagerEqualsSelf_Returns400" computerName="TUTU" duration="00:00:01.5475517" startTime="2026-02-05T10:43:10.8483189-03:00" endTime="2026-02-05T10:43:10.8483485-03:00" testType="13cdc9d9-ddb5-4fa4-a97d-d965ccfc6d4b" outcome="Passed" testListId="8c84fa94-04c1-424b-9868-57a2d4851a1d" relativeResultsDirectory="76153058-91a9-4005-a1df-56d7f2f12f0a">
      <Output>
        <StdOut>TEST: CreateEmployee_ManagerEqualsSelf_Returns400&#xD;
EXPECTS: Manager cannot be the same employee&#xD;
Helper: LoginAndGetToken → login válido y extracción del JWT</StdOut>
      </Output>
    </UnitTestResult>
  </Results>
  <TestDefinitions>
    <UnitTest name="EmployeeService.Tests.ApiTests.CreateEmployee_Minor_Returns400" storage="c:\users\wendy\source\repos\employee-tech-challenge\employeeservice.tests\bin\debug\net8.0\employeeservice.tests.dll" id="44b13f1c-fcb0-16ed-2e2c-b7896352cecb">
      <Execution id="fbe09c82-8ccf-402d-994d-13f1b4674333" />
      <TestMethod codeBase="C:\Users\wendy\source\repos\employee-tech-challenge\EmployeeService.Tests\bin\Debug\net8.0\EmployeeService.Tests.dll" adapterTypeName="executor://xunit/VsTestRunner2/netcoreapp" className="EmployeeService.Tests.ApiTests" name="CreateEmployee_Minor_Returns400" />
    </UnitTest>
    <UnitTest name="EmployeeService.Tests.ApiTests.Login_WithInvalidCredentials_Returns401" storage="c:\users\wendy\source\repos\employee-tech-challenge\employeeservice.tests\bin\debug\net8.0\employeeservice.tests.dll" id="9bb9451a-c07e-3946-8057-9c42bd8c9126">
      <Execution id="6e5d7b3c-b631-4a6c-8f8f-ba8f7c20dcec" />
      <TestMethod codeBase="C:\Users\wendy\source\repos\employee-tech-challenge\EmployeeService.Tests\bin\Debug\net8.0\EmployeeService.Tests.dll" adapterTypeName="executor://xunit/VsTestRunner2/netcoreapp" className="EmployeeService.Tests.ApiTests" name="Login_WithInvalidCredentials_Returns401" />
    </UnitTest>
    <UnitTest name="EmployeeService.Tests.ApiTests.CreateEmployee_ManagerEqualsSelf_Returns400" storage="c:\users\wendy\source\repos\employee-tech-challenge\employeeservice.tests\bin\debug\net8.0\employeeservice.tests.dll" id="c09802f0-1d15-3991-8775-c97e0c137e89">
      <Execution id="76153058-91a9-4005-a1df-56d7f2f12f0a" />
      <TestMethod codeBase="C:\Users\wendy\source\repos\employee-tech-challenge\EmployeeService.Tests\bin\Debug\net8.0\EmployeeService.Tests.dll" adapterTypeName="executor://xunit/VsTestRunner2/netcoreapp" className="EmployeeService.Tests.ApiTests" name="CreateEmployee_ManagerEqualsSelf_Returns400" />
    </UnitTest>
    <UnitTest name="EmployeeService.Tests.ApiTests.GetEmployees_WithoutToken_Returns401" storage="c:\users\wendy\source\repos\employee-tech-challenge\employeeservice.tests\bin\debug\net8.0\employeeservice.tests.dll" id="34c9e93a-7ace-85f5-d614-533ae235ec44">
      <Execution id="2469404d-75c3-4dcd-b543-9ca9d4055970" />
      <TestMethod codeBase="C:\Users\wendy\source\repos\employee-tech-challenge\EmployeeService.Tests\bin\Debug\net8.0\EmployeeService.Tests.dll" adapterTypeName="executor://xunit/VsTestRunner2/netcoreapp" className="EmployeeService.Tests.ApiTests" name="GetEmployees_WithoutToken_Returns401" />
    </UnitTest>
    <UnitTest name="EmployeeService.Tests.ApiTests.CreateEmployee_WithLessThanTwoPhones_Returns400" storage="c:\users\wendy\source\repos\employee-tech-challenge\employeeservice.tests\bin\debug\net8.0\employeeservice.tests.dll" id="16cfd299-d47f-ee63-f52d-7a0a739b9ec9">
      <Execution id="34149f14-a18b-4654-aae3-810915b92354" />
      <TestMethod codeBase="C:\Users\wendy\source\repos\employee-tech-challenge\EmployeeService.Tests\bin\Debug\net8.0\EmployeeService.Tests.dll" adapterTypeName="executor://xunit/VsTestRunner2/netcoreapp" className="EmployeeService.Tests.ApiTests" name="CreateEmployee_WithLessThanTwoPhones_Returns400" />
    </UnitTest>
    <UnitTest name="EmployeeService.Tests.ApiTests.CreateEmployee_ManagerHasLowerRole_Returns400" storage="c:\users\wendy\source\repos\employee-tech-challenge\employeeservice.tests\bin\debug\net8.0\employeeservice.tests.dll" id="d06e04af-945b-d916-0001-d18738111de5">
      <Execution id="10dabb61-92c5-4ee9-a12c-183da06eb553" />
      <TestMethod codeBase="C:\Users\wendy\source\repos\employee-tech-challenge\EmployeeService.Tests\bin\Debug\net8.0\EmployeeService.Tests.dll" adapterTypeName="executor://xunit/VsTestRunner2/netcoreapp" className="EmployeeService.Tests.ApiTests" name="CreateEmployee_ManagerHasLowerRole_Returns400" />
    </UnitTest>
    <UnitTest name="EmployeeService.Tests.ApiTests.CreateEmployee_WithInvalidPhoneNumbers_Returns400" storage="c:\users\wendy\source\repos\employee-tech-challenge\employeeservice.tests\bin\debug\net8.0\employeeservice.tests.dll" id="3b0cbbf9-e50e-f93d-9d6f-c1ba1677e3c3">
      <Execution id="25423da1-fe98-4eef-ac26-9be58a82e222" />
      <TestMethod codeBase="C:\Users\wendy\source\repos\employee-tech-challenge\EmployeeService.Tests\bin\Debug\net8.0\EmployeeService.Tests.dll" adapterTypeName="executor://xunit/VsTestRunner2/netcoreapp" className="EmployeeService.Tests.ApiTests" name="CreateEmployee_WithInvalidPhoneNumbers_Returns400" />
    </UnitTest>
    <UnitTest name="EmployeeService.Tests.ApiTests.Login_WithValidCredentials_ReturnsToken" storage="c:\users\wendy\source\repos\employee-tech-challenge\employeeservice.tests\bin\debug\net8.0\employeeservice.tests.dll" id="1181108a-9116-a0c3-85c8-5e1cc3b79e59">
      <Execution id="ecc28bc5-f16d-48ac-9b04-dc264c2559a4" />
      <TestMethod codeBase="C:\Users\wendy\source\repos\employee-tech-challenge\EmployeeService.Tests\bin\Debug\net8.0\EmployeeService.Tests.dll" adapterTypeName="executor://xunit/VsTestRunner2/netcoreapp" className="EmployeeService.Tests.ApiTests" name="Login_WithValidCredentials_ReturnsToken" />
    </UnitTest>
    <UnitTest name="EmployeeService.Tests.ApiTests.CreateEmployee_DuplicateEmail_Returns409" storage="c:\users\wendy\source\repos\employee-tech-challenge\employeeservice.tests\bin\debug\net8.0\employeeservice.tests.dll" id="047b2988-374d-6ff3-3c85-556330044d3d">
      <Execution id="2e20087c-23b5-40b5-aa41-be889c20829a" />
      <TestMethod codeBase="C:\Users\wendy\source\repos\employee-tech-challenge\EmployeeService.Tests\bin\Debug\net8.0\EmployeeService.Tests.dll" adapterTypeName="executor://xunit/VsTestRunner2/netcoreapp" className="EmployeeService.Tests.ApiTests" name="CreateEmployee_DuplicateEmail_Returns409" />
    </UnitTest>
  </TestDefinitions>
  <TestEntries>
    <TestEntry testId="d06e04af-945b-d916-0001-d18738111de5" executionId="10dabb61-92c5-4ee9-a12c-183da06eb553" testListId="8c84fa94-04c1-424b-9868-57a2d4851a1d" />
    <TestEntry testId="9bb9451a-c07e-3946-8057-9c42bd8c9126" executionId="6e5d7b3c-b631-4a6c-8f8f-ba8f7c20dcec" testListId="8c84fa94-04c1-424b-9868-57a2d4851a1d" />
    <TestEntry testId="34c9e93a-7ace-85f5-d614-533ae235ec44" executionId="2469404d-75c3-4dcd-b543-9ca9d4055970" testListId="8c84fa94-04c1-424b-9868-57a2d4851a1d" />
    <TestEntry testId="16cfd299-d47f-ee63-f52d-7a0a739b9ec9" executionId="34149f14-a18b-4654-aae3-810915b92354" testListId="8c84fa94-04c1-424b-9868-57a2d4851a1d" />
    <TestEntry testId="1181108a-9116-a0c3-85c8-5e1cc3b79e59" executionId="ecc28bc5-f16d-48ac-9b04-dc264c2559a4" testListId="8c84fa94-04c1-424b-9868-57a2d4851a1d" />
    <TestEntry testId="047b2988-374d-6ff3-3c85-556330044d3d" executionId="2e20087c-23b5-40b5-aa41-be889c20829a" testListId="8c84fa94-04c1-424b-9868-57a2d4851a1d" />
    <TestEntry testId="3b0cbbf9-e50e-f93d-9d6f-c1ba1677e3c3" executionId="25423da1-fe98-4eef-ac26-9be58a82e222" testListId="8c84fa94-04c1-424b-9868-57a2d4851a1d" />
    <TestEntry testId="44b13f1c-fcb0-16ed-2e2c-b7896352cecb" executionId="fbe09c82-8ccf-402d-994d-13f1b4674333" testListId="8c84fa94-04c1-424b-9868-57a2d4851a1d" />
    <TestEntry testId="c09802f0-1d15-3991-8775-c97e0c137e89" executionId="76153058-91a9-4005-a1df-56d7f2f12f0a" testListId="8c84fa94-04c1-424b-9868-57a2d4851a1d" />
  </TestEntries>
  <TestLists>
    <TestList name="Results Not in a List" id="8c84fa94-04c1-424b-9868-57a2d4851a1d" />
    <TestList name="All Loaded Results" id="19431567-8539-422a-85d7-44ee4e166bda" />
  </TestLists>
  <ResultSummary outcome="Completed">
    <Counters total="9" executed="9" passed="9" failed="0" error="0" timeout="0" aborted="0" inconclusive="0" passedButRunAborted="0" notRunnable="0" notExecuted="0" disconnected="0" warning="0" completed="0" inProgress="0" pending="0" />
    <Output>
      <StdOut>[xUnit.net 00:00:00.00] xUnit.net VSTest Adapter v2.5.3.1+6b60a9e56a (64-bit .NET 8.0.23)&#xD;
[xUnit.net 00:00:00.08]   Discovering: EmployeeService.Tests&#xD;
[xUnit.net 00:00:00.12]   Discovered:  EmployeeService.Tests&#xD;
[xUnit.net 00:00:00.12]   Starting:    EmployeeService.Tests&#xD;
info: EmployeeService.Api.Controllers.AuthController[0]&#xD;
      Login attempt doc=1001&#xD;
info: Microsoft.EntityFrameworkCore.Database.Command[20101]&#xD;
      Executed DbCommand (30ms) [Parameters=[@__request_DocumentNumber_0='?' (DbType = Int32)], CommandType='Text', CommandTimeout='30']&#xD;
      SELECT TOP(1) [e].[Id], [e].[BirthDate], [e].[DocumentNumber], [e].[Email], [e].[FirstName], [e].[Gender], [e].[LastName], [e].[ManagerId], [e].[Password], [e].[Role]&#xD;
      FROM [Employees] AS [e]&#xD;
      WHERE [e].[DocumentNumber] = @__request_DocumentNumber_0&#xD;
info: EmployeeService.Api.Controllers.AuthController[0]&#xD;
      Login success doc=1001 role=Director&#xD;
     Warning:&#xD;
     The component "Fluent Assertions" is governed by the rules defined in the Xceed License Agreement and&#xD;
     the Xceed Fluent Assertions Community License. You may use Fluent Assertions free of charge for&#xD;
     non-commercial use only. An active subscription is required to use Fluent Assertions for commercial use.&#xD;
     Please contact Xceed Sales mailto:sales@xceed.com to acquire a subscription at a very low cost.&#xD;
     A paid commercial license supports the development and continued increasing support of&#xD;
     Fluent Assertions users under both commercial and community licenses. Help us&#xD;
     keep Fluent Assertions at the forefront of unit testing.&#xD;
     For more information, visit https://xceed.com/products/unit-testing/fluent-assertions/&#xD;
info: EmployeeService.Api.Controllers.EmployeesController[0]&#xD;
      Create employee requested by doc=1&#xD;
info: Microsoft.EntityFrameworkCore.Database.Command[20101]&#xD;
      Executed DbCommand (4ms) [Parameters=[@__dto_DocumentNumber_0='?' (DbType = Int32)], CommandType='Text', CommandTimeout='30']&#xD;
      SELECT CASE&#xD;
          WHEN EXISTS (&#xD;
              SELECT 1&#xD;
              FROM [Employees] AS [e]&#xD;
              WHERE [e].[DocumentNumber] = @__dto_DocumentNumber_0) THEN CAST(1 AS bit)&#xD;
          ELSE CAST(0 AS bit)&#xD;
      END&#xD;
info: Microsoft.EntityFrameworkCore.Database.Command[20101]&#xD;
      Executed DbCommand (3ms) [Parameters=[@__dto_Email_0='?' (Size = 200)], CommandType='Text', CommandTimeout='30']&#xD;
      SELECT CASE&#xD;
          WHEN EXISTS (&#xD;
              SELECT 1&#xD;
              FROM [Employees] AS [e]&#xD;
              WHERE [e].[Email] = @__dto_Email_0) THEN CAST(1 AS bit)&#xD;
          ELSE CAST(0 AS bit)&#xD;
      END&#xD;
info: EmployeeService.Api.Controllers.AuthController[0]&#xD;
      Login attempt doc=1001&#xD;
info: Microsoft.EntityFrameworkCore.Database.Command[20101]&#xD;
      Executed DbCommand (3ms) [Parameters=[@__request_DocumentNumber_0='?' (DbType = Int32)], CommandType='Text', CommandTimeout='30']&#xD;
      SELECT TOP(1) [e].[Id], [e].[BirthDate], [e].[DocumentNumber], [e].[Email], [e].[FirstName], [e].[Gender], [e].[LastName], [e].[ManagerId], [e].[Password], [e].[Role]&#xD;
      FROM [Employees] AS [e]&#xD;
      WHERE [e].[DocumentNumber] = @__request_DocumentNumber_0&#xD;
info: EmployeeService.Api.Controllers.AuthController[0]&#xD;
      Login success doc=1001 role=Director&#xD;
info: EmployeeService.Api.Controllers.AuthController[0]&#xD;
      Login attempt doc=1001&#xD;
info: Microsoft.EntityFrameworkCore.Database.Command[20101]&#xD;
      Executed DbCommand (3ms) [Parameters=[@__request_DocumentNumber_0='?' (DbType = Int32)], CommandType='Text', CommandTimeout='30']&#xD;
      SELECT TOP(1) [e].[Id], [e].[BirthDate], [e].[DocumentNumber], [e].[Email], [e].[FirstName], [e].[Gender], [e].[LastName], [e].[ManagerId], [e].[Password], [e].[Role]&#xD;
      FROM [Employees] AS [e]&#xD;
      WHERE [e].[DocumentNumber] = @__request_DocumentNumber_0&#xD;
info: EmployeeService.Api.Controllers.AuthController[0]&#xD;
      Login success doc=1001 role=Director&#xD;
info: EmployeeService.Api.Controllers.EmployeesController[0]&#xD;
      Create employee requested by doc=1&#xD;
info: EmployeeService.Api.Controllers.AuthController[0]&#xD;
      Login attempt doc=1001&#xD;
info: Microsoft.EntityFrameworkCore.Database.Command[20101]&#xD;
      Executed DbCommand (2ms) [Parameters=[@__request_DocumentNumber_0='?' (DbType = Int32)], CommandType='Text', CommandTimeout='30']&#xD;
      SELECT TOP(1) [e].[Id], [e].[BirthDate], [e].[DocumentNumber], [e].[Email], [e].[FirstName], [e].[Gender], [e].[LastName], [e].[ManagerId], [e].[Password], [e].[Role]&#xD;
      FROM [Employees] AS [e]&#xD;
      WHERE [e].[DocumentNumber] = @__request_DocumentNumber_0&#xD;
info: EmployeeService.Api.Controllers.AuthController[0]&#xD;
      Login success doc=1001 role=Director&#xD;
info: EmployeeService.Api.Controllers.EmployeesController[0]&#xD;
      Create employee requested by doc=1&#xD;
info: EmployeeService.Api.Controllers.AuthController[0]&#xD;
      Login attempt doc=1001&#xD;
info: Microsoft.EntityFrameworkCore.Database.Command[20101]&#xD;
      Executed DbCommand (2ms) [Parameters=[@__request_DocumentNumber_0='?' (DbType = Int32)], CommandType='Text', CommandTimeout='30']&#xD;
      SELECT TOP(1) [e].[Id], [e].[BirthDate], [e].[DocumentNumber], [e].[Email], [e].[FirstName], [e].[Gender], [e].[LastName], [e].[ManagerId], [e].[Password], [e].[Role]&#xD;
      FROM [Employees] AS [e]&#xD;
      WHERE [e].[DocumentNumber] = @__request_DocumentNumber_0&#xD;
info: EmployeeService.Api.Controllers.AuthController[0]&#xD;
      Login success doc=1001 role=Director&#xD;
info: EmployeeService.Api.Controllers.EmployeesController[0]&#xD;
      Create employee requested by doc=1&#xD;
info: Microsoft.EntityFrameworkCore.Database.Command[20101]&#xD;
      Executed DbCommand (3ms) [Parameters=[@__dto_DocumentNumber_0='?' (DbType = Int32)], CommandType='Text', CommandTimeout='30']&#xD;
      SELECT CASE&#xD;
          WHEN EXISTS (&#xD;
              SELECT 1&#xD;
              FROM [Employees] AS [e]&#xD;
              WHERE [e].[DocumentNumber] = @__dto_DocumentNumber_0) THEN CAST(1 AS bit)&#xD;
          ELSE CAST(0 AS bit)&#xD;
      END&#xD;
info: EmployeeService.Api.Controllers.EmployeesController[0]&#xD;
      Create employee requested by doc=1&#xD;
info: Microsoft.EntityFrameworkCore.Database.Command[20101]&#xD;
      Executed DbCommand (2ms) [Parameters=[@__dto_DocumentNumber_0='?' (DbType = Int32)], CommandType='Text', CommandTimeout='30']&#xD;
      SELECT CASE&#xD;
          WHEN EXISTS (&#xD;
              SELECT 1&#xD;
              FROM [Employees] AS [e]&#xD;
              WHERE [e].[DocumentNumber] = @__dto_DocumentNumber_0) THEN CAST(1 AS bit)&#xD;
          ELSE CAST(0 AS bit)&#xD;
      END&#xD;
info: Microsoft.EntityFrameworkCore.Database.Command[20101]&#xD;
      Executed DbCommand (2ms) [Parameters=[@__dto_Email_0='?' (Size = 200)], CommandType='Text', CommandTimeout='30']&#xD;
      SELECT CASE&#xD;
          WHEN EXISTS (&#xD;
              SELECT 1&#xD;
              FROM [Employees] AS [e]&#xD;
              WHERE [e].[Email] = @__dto_Email_0) THEN CAST(1 AS bit)&#xD;
          ELSE CAST(0 AS bit)&#xD;
      END&#xD;
info: EmployeeService.Api.Controllers.AuthController[0]&#xD;
      Login attempt doc=1001&#xD;
info: Microsoft.EntityFrameworkCore.Database.Command[20101]&#xD;
      Executed DbCommand (3ms) [Parameters=[@__request_DocumentNumber_0='?' (DbType = Int32)], CommandType='Text', CommandTimeout='30']&#xD;
      SELECT TOP(1) [e].[Id], [e].[BirthDate], [e].[DocumentNumber], [e].[Email], [e].[FirstName], [e].[Gender], [e].[LastName], [e].[ManagerId], [e].[Password], [e].[Role]&#xD;
      FROM [Employees] AS [e]&#xD;
      WHERE [e].[DocumentNumber] = @__request_DocumentNumber_0&#xD;
info: EmployeeService.Api.Controllers.AuthController[0]&#xD;
      Login success doc=1001 role=Director&#xD;
info: EmployeeService.Api.Controllers.EmployeesController[0]&#xD;
      Create employee requested by doc=1&#xD;
info: Microsoft.EntityFrameworkCore.Database.Command[20101]&#xD;
      Executed DbCommand (2ms) [Parameters=[@__dto_DocumentNumber_0='?' (DbType = Int32)], CommandType='Text', CommandTimeout='30']&#xD;
      SELECT CASE&#xD;
          WHEN EXISTS (&#xD;
              SELECT 1&#xD;
              FROM [Employees] AS [e]&#xD;
              WHERE [e].[DocumentNumber] = @__dto_DocumentNumber_0) THEN CAST(1 AS bit)&#xD;
          ELSE CAST(0 AS bit)&#xD;
      END&#xD;
info: EmployeeService.Api.Controllers.EmployeesController[0]&#xD;
      Create employee requested by doc=1&#xD;
info: Microsoft.EntityFrameworkCore.Database.Command[20101]&#xD;
      Executed DbCommand (2ms) [Parameters=[@__dto_DocumentNumber_0='?' (DbType = Int32)], CommandType='Text', CommandTimeout='30']&#xD;
      SELECT CASE&#xD;
          WHEN EXISTS (&#xD;
              SELECT 1&#xD;
              FROM [Employees] AS [e]&#xD;
              WHERE [e].[DocumentNumber] = @__dto_DocumentNumber_0) THEN CAST(1 AS bit)&#xD;
          ELSE CAST(0 AS bit)&#xD;
      END&#xD;
info: Microsoft.EntityFrameworkCore.Database.Command[20101]&#xD;
      Executed DbCommand (2ms) [Parameters=[@__dto_Email_0='?' (Size = 200)], CommandType='Text', CommandTimeout='30']&#xD;
      SELECT CASE&#xD;
          WHEN EXISTS (&#xD;
              SELECT 1&#xD;
              FROM [Employees] AS [e]&#xD;
              WHERE [e].[Email] = @__dto_Email_0) THEN CAST(1 AS bit)&#xD;
          ELSE CAST(0 AS bit)&#xD;
      END&#xD;
info: Microsoft.EntityFrameworkCore.Database.Command[20101]&#xD;
      Executed DbCommand (2ms) [Parameters=[@__dto_ManagerDocumentNumber_Value_0='?' (DbType = Int32)], CommandType='Text', CommandTimeout='30']&#xD;
      SELECT TOP(1) [e].[Id], [e].[BirthDate], [e].[DocumentNumber], [e].[Email], [e].[FirstName], [e].[Gender], [e].[LastName], [e].[ManagerId], [e].[Password], [e].[Role]&#xD;
      FROM [Employees] AS [e]&#xD;
      WHERE [e].[DocumentNumber] = @__dto_ManagerDocumentNumber_Value_0&#xD;
info: EmployeeService.Api.Controllers.AuthController[0]&#xD;
      Login attempt doc=1001&#xD;
info: Microsoft.EntityFrameworkCore.Database.Command[20101]&#xD;
      Executed DbCommand (3ms) [Parameters=[@__request_DocumentNumber_0='?' (DbType = Int32)], CommandType='Text', CommandTimeout='30']&#xD;
      SELECT TOP(1) [e].[Id], [e].[BirthDate], [e].[DocumentNumber], [e].[Email], [e].[FirstName], [e].[Gender], [e].[LastName], [e].[ManagerId], [e].[Password], [e].[Role]&#xD;
      FROM [Employees] AS [e]&#xD;
      WHERE [e].[DocumentNumber] = @__request_DocumentNumber_0&#xD;
info: EmployeeService.Api.Controllers.AuthController[0]&#xD;
      Login attempt doc=1001&#xD;
info: Microsoft.EntityFrameworkCore.Database.Command[20101]&#xD;
      Executed DbCommand (2ms) [Parameters=[@__request_DocumentNumber_0='?' (DbType = Int32)], CommandType='Text', CommandTimeout='30']&#xD;
      SELECT TOP(1) [e].[Id], [e].[BirthDate], [e].[DocumentNumber], [e].[Email], [e].[FirstName], [e].[Gender], [e].[LastName], [e].[ManagerId], [e].[Password], [e].[Role]&#xD;
      FROM [Employees] AS [e]&#xD;
      WHERE [e].[DocumentNumber] = @__request_DocumentNumber_0&#xD;
info: EmployeeService.Api.Controllers.AuthController[0]&#xD;
      Login success doc=1001 role=Director&#xD;
[xUnit.net 00:00:02.01]   Finished:    EmployeeService.Tests&#xD;
</StdOut>
    </Output>
  </ResultSummary>
</TestRun>